Sat 03/29/2025 
02:37 PM
$PROBLEM    1cmt_iv_map_est
$INPUT      ID TIME EVID AMT RATE DV MDV
$DATA      sim_data_ID5.csv IGNORE=@
$SUBROUTINE ADVAN1 TRANS2
$PK
; define fixed effects parameters
CL = THETA(1) * EXP(ETA(1))
V = THETA(2)

; scaling
S1=V

$THETA  0.247 FIX ; 1 TVCL
 3.15 FIX ; 2 TVV
$OMEGA  0.11  FIX  ;    1 OM_CL
$SIGMA  0.10  FIX  ;  1 SIG_ADD
$ERROR 
; add additive error
Y = F + EPS(1)

; store error for table output
ERR1 = EPS(1)

$ESTIMATION METHOD=COND LAPLACIAN MAXEVAL=0 SIGDIG=3 PRINT=1 NOABORT
            POSTHOC
$TABLE      ID TIME EVID AMT RATE DV PRED IPRED MDV ETA1 ERR1 CL
            NOAPPEND ONEHEADER NOPRINT FILE=map_estim_out

  
NM-TRAN MESSAGES 
 
 AN ERROR WAS FOUND IN THE CONTROL STATEMENTS.
 
AN ERROR WAS FOUND ON LINE 26 AT THE APPROXIMATE POSITION NOTED:
 $TABLE      ID TIME EVID AMT RATE DV PRED IPRED MDV ETA1 ERR1 CL
                                            X    
 THE CHARACTERS IN ERROR ARE: IPRED
  479  THIS ITEM IS NOT LISTED IN MODULE NMPRD4 AND MAY NOT BE DISPLAYED.
